// Jest Snapshot v1, https://goo.gl/fbAQLP

exports[`<HeaderSlot /> spec Should match snapshot 1`] = `
<DocumentFragment>
  .emotion-0 {
  background-color: #272727;
  color: #FCFAFA;
}

.emotion-0 div {
  display: -webkit-box;
  display: -webkit-flex;
  display: -ms-flexbox;
  display: flex;
  -webkit-box-pack: justify;
  -webkit-justify-content: space-between;
  justify-content: space-between;
  max-width: 140rem;
}

@media only screen and (max-width: 1400px) {
  .emotion-0 div {
    padding: 0 1rem;
  }
}

.emotion-1 {
  text-transform: uppercase;
  font-size: 1.2rem;
  display: -webkit-box;
  display: -webkit-flex;
  display: -ms-flexbox;
  display: flex;
  -webkit-align-items: center;
  -webkit-box-align: center;
  -ms-flex-align: center;
  align-items: center;
  -webkit-box-pack: center;
  -ms-flex-pack: center;
  -webkit-justify-content: center;
  justify-content: center;
  height: 3rem;
}

.emotion-2 {
  font-weight: 700;
}

.emotion-3 {
  padding: 0 0.7rem 0 0.7rem;
}

.emotion-4 {
  display: -webkit-box;
  display: -webkit-flex;
  display: -ms-flexbox;
  display: flex;
  -webkit-align-items: center;
  -webkit-box-align: center;
  -ms-flex-align: center;
  align-items: center;
}

.emotion-5 ul {
  display: -webkit-inline-box;
  display: -webkit-inline-flex;
  display: -ms-inline-flexbox;
  display: inline-flex;
}

.emotion-5 li:not(:last-child) {
  padding-right: 0.5rem;
}

<div
    class="emotion-0"
    data-testid="headerslot"
  >
    <div>
      <div />
      <div
        class="emotion-1"
      >
        <span
          class="emotion-2"
        >
          common:headerslot.1
        </span>
        <div
          class="emotion-3"
        >
          |
        </div>
        <span>
          common:headerslot.2
        </span>
      </div>
      <div
        class="emotion-4"
      >
        <div
          class="emotion-5"
          data-testid="languageselector"
        >
          <ul />
        </div>
      </div>
    </div>
  </div>
</DocumentFragment>
`;
